// Vitest Snapshot v1, https://vitest.dev/guide/snapshot.html

exports[`DefaultLayout > matches the snapshot 1`] = `
"<div class="flex h-screen flex-col justify-between">
  <header data-v-a81738bd="" class="w-full border-b border-gray-800" role="banner">
    <div data-v-a81738bd="" class="w-full max-w-(--ui-container) mx-auto px-4 sm:px-6 lg:px-8">
      <div data-v-a81738bd="" class="flex h-16 items-center justify-between"><a href="/" class="focus-visible:outline-primary text-muted hover:text-default transition-colors">
          <div data-v-a81738bd="" class="flex items-center gap-2"><img data-v-a81738bd="" src="/assets/img/logo.png" class="size-12 shrink-0 rounded-md" alt="PowerCord logo"><span data-v-a81738bd="" class="logo-text text-3xl text-white">PowerCord</span></div>
        </a>
        <!---->
        <!---->
        <nav data-collapsed="false" class="relative gap-1.5 [&amp;>div]:min-w-0 items-center justify-between hidden md:block" aria-label="Main" data-orientation="horizontal" dir="ltr" data-reka-navigation-menu="">
          <div style="position: relative;">
            <ul class="isolate min-w-0 flex items-center" data-orientation="horizontal">
              <li data-menu-item="" class="min-w-0 py-2"><a href="/roadmap" data-reka-collection-item="" class="group relative w-full flex items-center gap-1.5 font-medium before:absolute before:z-[-1] before:rounded-md focus:outline-none focus-visible:outline-none dark:focus-visible:outline-none focus-visible:before:ring-inset focus-visible:before:ring-2 focus-visible:before:ring-primary px-2.5 py-1.5 before:inset-x-px before:inset-y-0 text-muted hover:text-highlighted hover:before:bg-elevated/50 transition-colors before:transition-colors data-[state=open]:text-highlighted data-[state=open]:before:bg-elevated/50 text-md"><span class="iconify i-charm:map shrink-0 size-5 text-dimmed group-hover:text-default transition-colors group-data-[state=open]:text-default" aria-hidden="true"></span><span class="truncate">Roadmap<!--v-if--></span>
                  <!--v-if-->
                </a>
                <!--v-if-->
                <!--v-if-->
              </li>
              <li data-menu-item="" class="min-w-0 py-2"><a href="https://github.com/KnightedKestrel/PowerCord" rel="noopener noreferrer" target="_blank" data-reka-collection-item="" class="group relative w-full flex items-center gap-1.5 font-medium before:absolute before:z-[-1] before:rounded-md focus:outline-none focus-visible:outline-none dark:focus-visible:outline-none focus-visible:before:ring-inset focus-visible:before:ring-2 focus-visible:before:ring-primary px-2.5 py-1.5 before:inset-x-px before:inset-y-0 text-muted hover:text-highlighted hover:before:bg-elevated/50 transition-colors before:transition-colors data-[state=open]:text-highlighted data-[state=open]:before:bg-elevated/50 text-md">
                  <!--v-if--><span class="truncate">Source<span class="iconify i-lucide:arrow-up-right inline-block size-3 align-top text-dimmed" aria-hidden="true"></span></span>
                  <!--v-if-->
                </a>
                <!--v-if-->
                <!--v-if-->
              </li>
              <li data-menu-item="" class="min-w-0 py-2"><a href="https://discord.gg/MZfchrRah4" rel="noopener noreferrer" target="_blank" data-reka-collection-item="" class="group relative w-full flex items-center gap-1.5 font-medium before:absolute before:z-[-1] before:rounded-md focus:outline-none focus-visible:outline-none dark:focus-visible:outline-none focus-visible:before:ring-inset focus-visible:before:ring-2 focus-visible:before:ring-primary px-2.5 py-1.5 before:inset-x-px before:inset-y-0 text-muted hover:text-highlighted hover:before:bg-elevated/50 transition-colors before:transition-colors data-[state=open]:text-highlighted data-[state=open]:before:bg-elevated/50 text-md">
                  <!--v-if--><span class="truncate">Support Server<span class="iconify i-lucide:arrow-up-right inline-block size-3 align-top text-dimmed" aria-hidden="true"></span></span>
                  <!--v-if-->
                </a>
                <!--v-if-->
                <!--v-if-->
              </li>
            </ul>
          </div>
          <!--v-if-->
          <div class="absolute top-full left-0 flex w-full justify-center">
            <!--v-if-->
            <!---->
          </div>
        </nav><!-- Mobile navigation menu --><button type="button" aria-haspopup="dialog" aria-expanded="false" data-state="closed" aria-label="Open navigation menu" class="rounded-md font-medium inline-flex items-center disabled:cursor-not-allowed aria-disabled:cursor-not-allowed disabled:opacity-75 aria-disabled:opacity-75 transition-colors text-base gap-2 ring ring-inset ring-accented text-default bg-elevated hover:bg-accented/75 active:bg-accented/75 disabled:bg-elevated aria-disabled:bg-elevated focus:outline-none focus-visible:ring-2 focus-visible:ring-inverted p-2 md:hidden"><span class="iconify i-lucide:menu shrink-0 size-6" aria-hidden="true"></span>
          <!--v-if-->
          <!--v-if-->
        </button>
        <!--teleport start-->
        <!--teleport end-->
      </div>
    </div>
  </header>
  <main role="main"></main>
  <footer class="w-full border-t border-gray-800" role="contentinfo">
    <div class="w-full max-w-(--ui-container) mx-auto px-4 sm:px-6 lg:px-8">
      <div class="flex h-16 items-center">
        <p class="text-muted"> Copyright Â© 2024-2025 | <a href="https://github.com/KnightedKestrel/PowerCord/blob/master/LICENSE" rel="noopener noreferrer" target="_blank" class="focus-visible:outline-primary transition-colors hover:text-primary text-white">AGPLv3</a></p>
      </div>
    </div>
  </footer>
</div>"
`;
