// Vitest Snapshot v1, https://vitest.dev/guide/snapshot.html

exports[`Footer > matches the snapshot 1`] = `
"<footer class="w-full border-t border-gray-800" role="contentinfo">
  <div class="w-full max-w-(--ui-container) mx-auto px-4 sm:px-6 lg:px-8">
    <div class="flex h-16 items-center">
      <p class="text-muted"> Copyright Â© 2024-2025 | <a href="https://github.com/KnightedKestrel/PowerCord/blob/master/LICENSE" rel="noopener noreferrer" target="_blank" class="focus-visible:outline-primary transition-colors hover:text-primary text-white">AGPLv3</a></p>
    </div>
  </div>
</footer>"
`;
